// Jest Snapshot v1, https://goo.gl/fbAQLP

exports[`Default Snap 1`] = `
<div>
  <h1>
     Counter 
  </h1>
  <h1>
     Size list: 
    0
     
  </h1>
  <h1>
     
    0
     
  </h1>
  <button
    onClick={[Function]}
  >
     Increase 
  </button>
  <button
    onClick={[Function]}
  >
     Decrease 
  </button>
  <button
    onClick={[Function]}
  >
     Reset 
  </button>
  <button
    onClick={[Function]}
  >
     Get 
  </button>
</div>
`;
